// Jest Snapshot v1, https://goo.gl/fbAQLP

exports[`<Posts/> should match snapshot 1`] = `
<div>
  <div
    class="posts"
  >
    <div
      class="post"
    >
      <img
        alt="title 1"
        src="img/img1.png"
      />
      <div
        class="post-content"
      >
        <h2>
          title 1
        </h2>
        <p>
          body 1
        </p>
      </div>
    </div>
    <div
      class="post"
    >
      <img
        alt="t2"
        src="img/img2.png"
      />
      <div
        class="post-content"
      >
        <h2>
          t2
        </h2>
        <p>
          b2
        </p>
      </div>
    </div>
    <div
      class="post"
    >
      <img
        alt="t3"
        src="img/img3.png"
      />
      <div
        class="post-content"
      >
        <h2>
          t3
        </h2>
        <p>
          b3
        </p>
      </div>
    </div>
  </div>
</div>
`;
